Linking to GEOS 3.8.1, GDAL 3.1.1, PROJ 6.3.1

Execution halted
[1] 1
Linking to GEOS 3.8.1, GDAL 3.1.1, PROJ 6.3.1
── [1mAttaching packages[22m ─────────────────────────────────────────────────────────────────────────────────────────────────── tidyverse 1.3.0 ──
[32m✓[39m [34mggplot2[39m 3.3.2     [32m✓[39m [34mpurrr  [39m 0.3.4
[32m✓[39m [34mtibble [39m 3.0.3     [32m✓[39m [34mdplyr  [39m 1.0.1
[32m✓[39m [34mtidyr  [39m 1.1.1     [32m✓[39m [34mstringr[39m 1.4.0
[32m✓[39m [34mreadr  [39m 1.3.1     [32m✓[39m [34mforcats[39m 0.5.0
── [1mConflicts[22m ────────────────────────────────────────────────────────────────────────────────────────────────────── tidyverse_conflicts() ──
[31mx[39m [34mdplyr[39m::[32mfilter()[39m masks [34mstats[39m::filter()
[31mx[39m [34mdplyr[39m::[32mlag()[39m    masks [34mstats[39m::lag()
udunits system database from /Library/Frameworks/R.framework/Versions/4.0/Resources/library/units/share/udunits

Attaching package: ‘plotly’

The following object is masked from ‘package:ggplot2’:

    last_plot

The following object is masked from ‘package:stats’:

    filter

The following object is masked from ‘package:graphics’:

    layout

[1] 2
trying URL 'https://firms.modaps.eosdis.nasa.gov/data/active_fire/suomi-npp-viirs-c2/shapes/zips/SUOMI_VIIRS_C2_Global_24h.zip'
Content type 'application/zip' length 5682363 bytes (5.4 MB)
==================================================
downloaded 5.4 MB


Execution halted
[1] 1
Linking to GEOS 3.8.1, GDAL 3.1.1, PROJ 6.3.1
── Attaching packages ─────────────────────────────────────── tidyverse 1.3.0 ──
✔ ggplot2 3.3.2     ✔ purrr   0.3.4
✔ tibble  3.0.3     ✔ dplyr   1.0.1
✔ tidyr   1.1.1     ✔ stringr 1.4.0
✔ readr   1.3.1     ✔ forcats 0.5.0
── Conflicts ────────────────────────────────────────── tidyverse_conflicts() ──
✖ dplyr::filter() masks stats::filter()
✖ dplyr::lag()    masks stats::lag()
udunits system database from /Library/Frameworks/R.framework/Versions/4.0/Resources/library/units/share/udunits

Attaching package: ‘plotly’

The following object is masked from ‘package:ggplot2’:

    last_plot

The following object is masked from ‘package:stats’:

    filter

The following object is masked from ‘package:graphics’:

    layout

[1] 2
trying URL 'https://firms.modaps.eosdis.nasa.gov/data/active_fire/suomi-npp-viirs-c2/shapes/zips/SUOMI_VIIRS_C2_Global_24h.zip'
Content type 'application/zip' length 5682363 bytes (5.4 MB)
==============[1] 1
===========================Linking to GEOS 3.8.1, GDAL 3.1.1, PROJ 6.3.1
=========
downloaded 5.4 MB

[1] 3
── Attaching packages ─────────────────────────────────────── tidyverse 1.3.0 ──
✔ ggplot2 3.3.2     ✔ purrr   0.3.4
✔ tibble  3.0.3     ✔ dplyr   1.0.1
✔ tidyr   1.1.1     ✔ stringr 1.4.0
✔ readr   1.3.1     ✔ forcats 0.5.0
── Conflicts ────────────────────────────────────────── tidyverse_conflicts() ──
✖ dplyr::filter() masks stats::filter()
✖ dplyr::lag()    masks stats::lag()
udunits system database from /Library/Frameworks/R.framework/Versions/4.0/Resources/library/units/share/udunits

Attaching package: ‘plotly’

The following object is masked from ‘package:ggplot2’:

    last_plot

The following object is masked from ‘package:stats’:

    filter

The following object is masked from ‘package:graphics’:

    layout

[1] 2
trying URL 'https://firms.modaps.eosdis.nasa.gov/data/active_fire/suomi-npp-viirs-c2/shapes/zips/SUOMI_VIIRS_C2_Global_24h.zip'
Content type 'application/zip' length 5682363 bytes (5.4 MB)
==================================================
downloaded 5.4 MB

[1] 3
Warning message:
In CPL_read_ogr(dsn, layer, query, as.character(options), quiet,  :
  GDAL Error 1: fread(252) failed on DBF file.
[1] 4
[1] 4
[1] 5
[1] 6
[1] 5
[1] 6
[1] "done"
[1] "done"
[1] "hello"
Linking to GEOS 3.8.1, GDAL 3.1.1, PROJ 6.3.1
── [1mAttaching packages[22m ─────────────────────────────────────────────────────────────────────────────────────────────────── tidyverse 1.3.0 ──
[32m✓[39m [34mggplot2[39m 3.3.2     [32m✓[39m [34mpurrr  [39m 0.3.4
[32m✓[39m [34mtibble [39m 3.0.3     [32m✓[39m [34mdplyr  [39m 1.0.1
[32m✓[39m [34mtidyr  [39m 1.1.1     [32m✓[39m [34mstringr[39m 1.4.0
[32m✓[39m [34mreadr  [39m 1.3.1     [32m✓[39m [34mforcats[39m 0.5.0
── [1mConflicts[22m ────────────────────────────────────────────────────────────────────────────────────────────────────── tidyverse_conflicts() ──
[31mx[39m [34mdplyr[39m::[32mfilter()[39m masks [34mstats[39m::filter()
[31mx[39m [34mdplyr[39m::[32mlag()[39m    masks [34mstats[39m::lag()
udunits system database from /Library/Frameworks/R.framework/Versions/4.0/Resources/library/units/share/udunits

Attaching package: ‘plotly’

The following object is masked from ‘package:ggplot2’:

    last_plot

The following object is masked from ‘package:stats’:

    filter

The following object is masked from ‘package:graphics’:

    layout

[1] 2
trying URL 'https://firms.modaps.eosdis.nasa.gov/data/active_fire/suomi-npp-viirs-c2/shapes/zips/SUOMI_VIIRS_C2_Global_24h.zip'

Execution halted
[1] "hello"
Linking to GEOS 3.8.1, GDAL 3.1.1, PROJ 6.3.1
── [1mAttaching packages[22m ─────────────────────────────────────────────────────────────────────────────────────────────────── tidyverse 1.3.0 ──
[32m✓[39m [34mggplot2[39m 3.3.2     [32m✓[39m [34mpurrr  [39m 0.3.4
[32m✓[39m [34mtibble [39m 3.0.3     [32m✓[39m [34mdplyr  [39m 1.0.1
[32m✓[39m [34mtidyr  [39m 1.1.1     [32m✓[39m [34mstringr[39m 1.4.0
[32m✓[39m [34mreadr  [39m 1.3.1     [32m✓[39m [34mforcats[39m 0.5.0
── [1mConflicts[22m ────────────────────────────────────────────────────────────────────────────────────────────────────── tidyverse_conflicts() ──
[31mx[39m [34mdplyr[39m::[32mfilter()[39m masks [34mstats[39m::filter()
[31mx[39m [34mdplyr[39m::[32mlag()[39m    masks [34mstats[39m::lag()
udunits system database from /Library/Frameworks/R.framework/Versions/4.0/Resources/library/units/share/udunits

Attaching package: ‘plotly’

The following object is masked from ‘package:ggplot2’:

    last_plot

The following object is masked from ‘package:stats’:

    filter

The following object is masked from ‘package:graphics’:

    layout

[1] 2
[1] 11
[1] 12
trying URL 'https://firms.modaps.eosdis.nasa.gov/data/active_fire/suomi-npp-viirs-c2/shapes/zips/SUOMI_VIIRS_C2_Global_24h.zip'

Execution halted
[1] "hello"
Linking to GEOS 3.8.1, GDAL 3.1.1, PROJ 6.3.1

Execution halted
Linking to GEOS 3.8.1, GDAL 3.1.1, PROJ 6.3.1

Execution halted
── [1mAttaching packages[22m ─────────────────────────────────────────────────────────────────────────────────────────────────── tidyverse 1.3.0 ──
[32m✓[39m [34mggplot2[39m 3.3.2     [32m✓[39m [34mpurrr  [39m 0.3.4
[32m✓[39m [34mtibble [39m 3.0.3     [32m✓[39m [34mdplyr  [39m 1.0.1
[32m✓[39m [34mtidyr  [39m 1.1.1     [32m✓[39m [34mstringr[39m 1.4.0
[32m✓[39m [34mreadr  [39m 1.3.1     [32m✓[39m [34mforcats[39m 0.5.0
── [1mConflicts[22m ────────────────────────────────────────────────────────────────────────────────────────────────────── tidyverse_conflicts() ──
[31mx[39m [34mdplyr[39m::[32mfilter()[39m masks [34mstats[39m::filter()
[31mx[39m [34mdplyr[39m::[32mlag()[39m    masks [34mstats[39m::lag()
udunits system database from /Library/Frameworks/R.framework/Versions/4.0/Resources/library/units/share/udunits

Attaching package: ‘plotly’

The following object is masked from ‘package:ggplot2’:

    last_plot

The following object is masked from ‘package:stats’:

    filter

The following object is masked from ‘package:graphics’:

    layout

[1] 2
[1] 11
[1] 12
trying URL 'http://firms.modaps.eosdis.nasa.gov/data/active_fire/suomi-npp-viirs-c2/shapes/zips/SUOMI_VIIRS_C2_Global_24h.zip'
Content type 'application/zip' length 5682363 bytes (5.4 MB)
==================================================
downloaded 5.4 MB

[1] 13

Execution halted

Execution halted
